

================================================================
== Vivado HLS Report for 'stitchNeighbors'
================================================================
* Date:           Thu Jul 16 04:54:17 2020

* Version:        2019.1 (Build 2552052 on Fri May 24 15:28:33 MDT 2019)
* Project:        towerMerge
* Solution:       solution1
* Product family: virtexuplus
* Target device:  xcvu9p-flgc2104-1-e


================================================================
== Performance Estimates
================================================================
+ Timing (ns): 
    * Summary: 
    +--------+-------+----------+------------+
    |  Clock | Target| Estimated| Uncertainty|
    +--------+-------+----------+------------+
    |ap_clk  |   4.17|     1.653|        1.25|
    +--------+-------+----------+------------+

+ Latency (clock cycles): 
    * Summary: 
    +-----+-----+-----+-----+----------+
    |  Latency  |  Interval | Pipeline |
    | min | max | min | max |   Type   |
    +-----+-----+-----+-----+----------+
    |    0|    0|    1|    1| function |
    +-----+-----+-----+-----+----------+

    + Detail: 
        * Instance: 
        N/A

        * Loop: 
        N/A



================================================================
== Utilization Estimates
================================================================
* Summary: 
+---------------------+---------+-------+---------+---------+-----+
|         Name        | BRAM_18K| DSP48E|    FF   |   LUT   | URAM|
+---------------------+---------+-------+---------+---------+-----+
|DSP                  |        -|      -|        -|        -|    -|
|Expression           |        -|      -|        0|      407|    -|
|FIFO                 |        -|      -|        -|        -|    -|
|Instance             |        -|      -|        -|        -|    -|
|Memory               |        -|      -|        -|        -|    -|
|Multiplexer          |        -|      -|        -|        -|    -|
|Register             |        -|      -|        -|        -|    -|
+---------------------+---------+-------+---------+---------+-----+
|Total                |        0|      0|        0|      407|    0|
+---------------------+---------+-------+---------+---------+-----+
|Available SLR        |     1440|   2280|   788160|   394080|  320|
+---------------------+---------+-------+---------+---------+-----+
|Utilization SLR (%)  |        0|      0|        0|    ~0   |    0|
+---------------------+---------+-------+---------+---------+-----+
|Available            |     4320|   6840|  2364480|  1182240|  960|
+---------------------+---------+-------+---------+---------+-----+
|Utilization (%)      |        0|      0|        0|    ~0   |    0|
+---------------------+---------+-------+---------+---------+-----+

+ Detail: 
    * Instance: 
    N/A

    * DSP48E: 
    N/A

    * Memory: 
    N/A

    * FIFO: 
    N/A

    * Expression: 
    +--------------------------+----------+-------+---+----+------------+------------+
    |       Variable Name      | Operation| DSP48E| FF| LUT| Bitwidth P0| Bitwidth P1|
    +--------------------------+----------+-------+---+----+------------+------------+
    |add_ln209_fu_222_p2       |     +    |      0|  0|  17|          10|          10|
    |ret_V_fu_168_p2           |     +    |      0|  0|  18|          11|          11|
    |and_ln879_1_fu_298_p2     |    and   |      0|  0|   2|           1|           1|
    |and_ln879_fu_292_p2       |    and   |      0|  0|   2|           1|           1|
    |and_ln895_1_fu_324_p2     |    and   |      0|  0|   2|           1|           1|
    |and_ln895_2_fu_330_p2     |    and   |      0|  0|   2|           1|           1|
    |and_ln895_fu_304_p2       |    and   |      0|  0|   2|           1|           1|
    |icmp_ln879_1_fu_100_p2    |   icmp   |      0|  0|   9|           3|           1|
    |icmp_ln879_fu_84_p2       |   icmp   |      0|  0|   9|           3|           4|
    |icmp_ln895_fu_174_p2      |   icmp   |      0|  0|  13|          10|          10|
    |phiStitch_fu_126_p2       |   icmp   |      0|  0|   9|           3|           3|
    |ret_V_1_fu_210_p2         |    or    |      0|  0|  32|          32|          23|
    |ret_V_2_fu_216_p2         |    or    |      0|  0|  32|          32|          23|
    |ret_V_4_fu_264_p2         |    or    |      0|  0|  32|          32|          10|
    |select_ln879_1_fu_368_p3  |  select  |      0|  0|  32|           1|          32|
    |select_ln879_fu_344_p3    |  select  |      0|  0|  32|           1|          32|
    |select_ln895_1_fu_310_p3  |  select  |      0|  0|  32|           1|          32|
    |select_ln895_2_fu_336_p3  |  select  |      0|  0|  32|           1|          32|
    |select_ln895_3_fu_352_p3  |  select  |      0|  0|  32|           1|          32|
    |select_ln895_4_fu_360_p3  |  select  |      0|  0|  32|           1|          32|
    |select_ln895_fu_284_p3    |  select  |      0|  0|  32|           1|          32|
    |xor_ln895_fu_318_p2       |    xor   |      0|  0|   2|           1|           2|
    +--------------------------+----------+-------+---+----+------------+------------+
    |Total                     |          |      0|  0| 407|         149|         326|
    +--------------------------+----------+-------+---+----+------------+------------+

    * Multiplexer: 
    N/A

    * Register: 
    N/A



================================================================
== Interface
================================================================
* Summary: 
+-------------+-----+-----+------------+-----------------+--------------+
|  RTL Ports  | Dir | Bits|  Protocol  |  Source Object  |    C Type    |
+-------------+-----+-----+------------+-----------------+--------------+
|ap_ready     | out |    1| ap_ctrl_hs | stitchNeighbors | return value |
|ap_return_0  | out |   32| ap_ctrl_hs | stitchNeighbors | return value |
|ap_return_1  | out |   32| ap_ctrl_hs | stitchNeighbors | return value |
|Ai_data_V    |  in |   32|   ap_none  |    Ai_data_V    |    scalar    |
|Bi_data_V    |  in |   32|   ap_none  |    Bi_data_V    |    scalar    |
+-------------+-----+-----+------------+-----------------+--------------+

