

================================================================
== Vivado HLS Report for 'stitchInPhi'
================================================================
* Date:           Thu Jul 16 04:54:18 2020

* Version:        2019.1 (Build 2552052 on Fri May 24 15:28:33 MDT 2019)
* Project:        towerMerge
* Solution:       solution1
* Product family: virtexuplus
* Target device:  xcvu9p-flgc2104-1-e


================================================================
== Performance Estimates
================================================================
+ Timing (ns): 
    * Summary: 
    +--------+-------+----------+------------+
    |  Clock | Target| Estimated| Uncertainty|
    +--------+-------+----------+------------+
    |ap_clk  |   4.17|     1.653|        1.25|
    +--------+-------+----------+------------+

+ Latency (clock cycles): 
    * Summary: 
    +-----+-----+-----+-----+----------+
    |  Latency  |  Interval | Pipeline |
    | min | max | min | max |   Type   |
    +-----+-----+-----+-----+----------+
    |    0|    0|    1|    1| function |
    +-----+-----+-----+-----+----------+

    + Detail: 
        * Instance: 
        +-----------------------------------+-----------------+-----+-----+-----+-----+----------+
        |                                   |                 |  Latency  |  Interval | Pipeline |
        |              Instance             |      Module     | min | max | min | max |   Type   |
        +-----------------------------------+-----------------+-----+-----+-----+-----+----------+
        |call_ret1_stitchNeighbors_fu_288   |stitchNeighbors  |    0|    0|    1|    1| function |
        |call_ret2_stitchNeighbors_fu_296   |stitchNeighbors  |    0|    0|    1|    1| function |
        |call_ret3_stitchNeighbors_fu_304   |stitchNeighbors  |    0|    0|    1|    1| function |
        |call_ret4_stitchNeighbors_fu_312   |stitchNeighbors  |    0|    0|    1|    1| function |
        |call_ret5_stitchNeighbors_fu_320   |stitchNeighbors  |    0|    0|    1|    1| function |
        |call_ret6_stitchNeighbors_fu_328   |stitchNeighbors  |    0|    0|    1|    1| function |
        |call_ret7_stitchNeighbors_fu_336   |stitchNeighbors  |    0|    0|    1|    1| function |
        |call_ret8_stitchNeighbors_fu_344   |stitchNeighbors  |    0|    0|    1|    1| function |
        |call_ret9_stitchNeighbors_fu_352   |stitchNeighbors  |    0|    0|    1|    1| function |
        |call_ret10_stitchNeighbors_fu_360  |stitchNeighbors  |    0|    0|    1|    1| function |
        |call_ret11_stitchNeighbors_fu_368  |stitchNeighbors  |    0|    0|    1|    1| function |
        |call_ret12_stitchNeighbors_fu_376  |stitchNeighbors  |    0|    0|    1|    1| function |
        |call_ret13_stitchNeighbors_fu_384  |stitchNeighbors  |    0|    0|    1|    1| function |
        |call_ret14_stitchNeighbors_fu_392  |stitchNeighbors  |    0|    0|    1|    1| function |
        |call_ret15_stitchNeighbors_fu_400  |stitchNeighbors  |    0|    0|    1|    1| function |
        |call_ret16_stitchNeighbors_fu_408  |stitchNeighbors  |    0|    0|    1|    1| function |
        |call_ret_stitchNeighbors_fu_416    |stitchNeighbors  |    0|    0|    1|    1| function |
        +-----------------------------------+-----------------+-----+-----+-----+-----+----------+

        * Loop: 
        N/A



================================================================
== Utilization Estimates
================================================================
* Summary: 
+---------------------+---------+-------+---------+---------+-----+
|         Name        | BRAM_18K| DSP48E|    FF   |   LUT   | URAM|
+---------------------+---------+-------+---------+---------+-----+
|DSP                  |        -|      -|        -|        -|    -|
|Expression           |        -|      -|        -|        -|    -|
|FIFO                 |        -|      -|        -|        -|    -|
|Instance             |        -|      -|        0|     6919|    -|
|Memory               |        -|      -|        -|        -|    -|
|Multiplexer          |        -|      -|        -|        -|    -|
|Register             |        -|      -|        -|        -|    -|
+---------------------+---------+-------+---------+---------+-----+
|Total                |        0|      0|        0|     6919|    0|
+---------------------+---------+-------+---------+---------+-----+
|Available SLR        |     1440|   2280|   788160|   394080|  320|
+---------------------+---------+-------+---------+---------+-----+
|Utilization SLR (%)  |        0|      0|        0|        1|    0|
+---------------------+---------+-------+---------+---------+-----+
|Available            |     4320|   6840|  2364480|  1182240|  960|
+---------------------+---------+-------+---------+---------+-----+
|Utilization (%)      |        0|      0|        0|    ~0   |    0|
+---------------------+---------+-------+---------+---------+-----+

+ Detail: 
    * Instance: 
    +-----------------------------------+-----------------+---------+-------+---+-----+-----+
    |              Instance             |      Module     | BRAM_18K| DSP48E| FF| LUT | URAM|
    +-----------------------------------+-----------------+---------+-------+---+-----+-----+
    |call_ret1_stitchNeighbors_fu_288   |stitchNeighbors  |        0|      0|  0|  407|    0|
    |call_ret2_stitchNeighbors_fu_296   |stitchNeighbors  |        0|      0|  0|  407|    0|
    |call_ret3_stitchNeighbors_fu_304   |stitchNeighbors  |        0|      0|  0|  407|    0|
    |call_ret4_stitchNeighbors_fu_312   |stitchNeighbors  |        0|      0|  0|  407|    0|
    |call_ret5_stitchNeighbors_fu_320   |stitchNeighbors  |        0|      0|  0|  407|    0|
    |call_ret6_stitchNeighbors_fu_328   |stitchNeighbors  |        0|      0|  0|  407|    0|
    |call_ret7_stitchNeighbors_fu_336   |stitchNeighbors  |        0|      0|  0|  407|    0|
    |call_ret8_stitchNeighbors_fu_344   |stitchNeighbors  |        0|      0|  0|  407|    0|
    |call_ret9_stitchNeighbors_fu_352   |stitchNeighbors  |        0|      0|  0|  407|    0|
    |call_ret10_stitchNeighbors_fu_360  |stitchNeighbors  |        0|      0|  0|  407|    0|
    |call_ret11_stitchNeighbors_fu_368  |stitchNeighbors  |        0|      0|  0|  407|    0|
    |call_ret12_stitchNeighbors_fu_376  |stitchNeighbors  |        0|      0|  0|  407|    0|
    |call_ret13_stitchNeighbors_fu_384  |stitchNeighbors  |        0|      0|  0|  407|    0|
    |call_ret14_stitchNeighbors_fu_392  |stitchNeighbors  |        0|      0|  0|  407|    0|
    |call_ret15_stitchNeighbors_fu_400  |stitchNeighbors  |        0|      0|  0|  407|    0|
    |call_ret16_stitchNeighbors_fu_408  |stitchNeighbors  |        0|      0|  0|  407|    0|
    |call_ret_stitchNeighbors_fu_416    |stitchNeighbors  |        0|      0|  0|  407|    0|
    +-----------------------------------+-----------------+---------+-------+---+-----+-----+
    |Total                              |                 |        0|      0|  0| 6919|    0|
    +-----------------------------------+-----------------+---------+-------+---+-----+-----+

    * DSP48E: 
    N/A

    * Memory: 
    N/A

    * FIFO: 
    N/A

    * Expression: 
    N/A

    * Multiplexer: 
    N/A

    * Register: 
    N/A



================================================================
== Interface
================================================================
* Summary: 
+--------------+-----+-----+------------+--------------+--------------+
|   RTL Ports  | Dir | Bits|  Protocol  | Source Object|    C Type    |
+--------------+-----+-----+------------+--------------+--------------+
|ap_ready      | out |    1| ap_ctrl_hs |  stitchInPhi | return value |
|ap_return_0   | out |   32| ap_ctrl_hs |  stitchInPhi | return value |
|ap_return_1   | out |   32| ap_ctrl_hs |  stitchInPhi | return value |
|ap_return_2   | out |   32| ap_ctrl_hs |  stitchInPhi | return value |
|ap_return_3   | out |   32| ap_ctrl_hs |  stitchInPhi | return value |
|ap_return_4   | out |   32| ap_ctrl_hs |  stitchInPhi | return value |
|ap_return_5   | out |   32| ap_ctrl_hs |  stitchInPhi | return value |
|ap_return_6   | out |   32| ap_ctrl_hs |  stitchInPhi | return value |
|ap_return_7   | out |   32| ap_ctrl_hs |  stitchInPhi | return value |
|ap_return_8   | out |   32| ap_ctrl_hs |  stitchInPhi | return value |
|ap_return_9   | out |   32| ap_ctrl_hs |  stitchInPhi | return value |
|ap_return_10  | out |   32| ap_ctrl_hs |  stitchInPhi | return value |
|ap_return_11  | out |   32| ap_ctrl_hs |  stitchInPhi | return value |
|ap_return_12  | out |   32| ap_ctrl_hs |  stitchInPhi | return value |
|ap_return_13  | out |   32| ap_ctrl_hs |  stitchInPhi | return value |
|ap_return_14  | out |   32| ap_ctrl_hs |  stitchInPhi | return value |
|ap_return_15  | out |   32| ap_ctrl_hs |  stitchInPhi | return value |
|ap_return_16  | out |   32| ap_ctrl_hs |  stitchInPhi | return value |
|ap_return_17  | out |   32| ap_ctrl_hs |  stitchInPhi | return value |
|ap_return_18  | out |   32| ap_ctrl_hs |  stitchInPhi | return value |
|ap_return_19  | out |   32| ap_ctrl_hs |  stitchInPhi | return value |
|ap_return_20  | out |   32| ap_ctrl_hs |  stitchInPhi | return value |
|ap_return_21  | out |   32| ap_ctrl_hs |  stitchInPhi | return value |
|ap_return_22  | out |   32| ap_ctrl_hs |  stitchInPhi | return value |
|ap_return_23  | out |   32| ap_ctrl_hs |  stitchInPhi | return value |
|ap_return_24  | out |   32| ap_ctrl_hs |  stitchInPhi | return value |
|ap_return_25  | out |   32| ap_ctrl_hs |  stitchInPhi | return value |
|ap_return_26  | out |   32| ap_ctrl_hs |  stitchInPhi | return value |
|ap_return_27  | out |   32| ap_ctrl_hs |  stitchInPhi | return value |
|ap_return_28  | out |   32| ap_ctrl_hs |  stitchInPhi | return value |
|ap_return_29  | out |   32| ap_ctrl_hs |  stitchInPhi | return value |
|ap_return_30  | out |   32| ap_ctrl_hs |  stitchInPhi | return value |
|ap_return_31  | out |   32| ap_ctrl_hs |  stitchInPhi | return value |
|ap_return_32  | out |   32| ap_ctrl_hs |  stitchInPhi | return value |
|ap_return_33  | out |   32| ap_ctrl_hs |  stitchInPhi | return value |
|p_read        |  in |   32|   ap_none  |    p_read    |    scalar    |
|p_read1       |  in |   32|   ap_none  |    p_read1   |    scalar    |
|p_read2       |  in |   32|   ap_none  |    p_read2   |    scalar    |
|p_read3       |  in |   32|   ap_none  |    p_read3   |    scalar    |
|p_read4       |  in |   32|   ap_none  |    p_read4   |    scalar    |
|p_read5       |  in |   32|   ap_none  |    p_read5   |    scalar    |
|p_read6       |  in |   32|   ap_none  |    p_read6   |    scalar    |
|p_read7       |  in |   32|   ap_none  |    p_read7   |    scalar    |
|p_read8       |  in |   32|   ap_none  |    p_read8   |    scalar    |
|p_read9       |  in |   32|   ap_none  |    p_read9   |    scalar    |
|p_read10      |  in |   32|   ap_none  |   p_read10   |    scalar    |
|p_read11      |  in |   32|   ap_none  |   p_read11   |    scalar    |
|p_read12      |  in |   32|   ap_none  |   p_read12   |    scalar    |
|p_read13      |  in |   32|   ap_none  |   p_read13   |    scalar    |
|p_read14      |  in |   32|   ap_none  |   p_read14   |    scalar    |
|p_read15      |  in |   32|   ap_none  |   p_read15   |    scalar    |
|p_read16      |  in |   32|   ap_none  |   p_read16   |    scalar    |
|p_read17      |  in |   32|   ap_none  |   p_read17   |    scalar    |
|p_read18      |  in |   32|   ap_none  |   p_read18   |    scalar    |
|p_read19      |  in |   32|   ap_none  |   p_read19   |    scalar    |
|p_read20      |  in |   32|   ap_none  |   p_read20   |    scalar    |
|p_read21      |  in |   32|   ap_none  |   p_read21   |    scalar    |
|p_read22      |  in |   32|   ap_none  |   p_read22   |    scalar    |
|p_read23      |  in |   32|   ap_none  |   p_read23   |    scalar    |
|p_read24      |  in |   32|   ap_none  |   p_read24   |    scalar    |
|p_read25      |  in |   32|   ap_none  |   p_read25   |    scalar    |
|p_read26      |  in |   32|   ap_none  |   p_read26   |    scalar    |
|p_read27      |  in |   32|   ap_none  |   p_read27   |    scalar    |
|p_read28      |  in |   32|   ap_none  |   p_read28   |    scalar    |
|p_read29      |  in |   32|   ap_none  |   p_read29   |    scalar    |
|p_read30      |  in |   32|   ap_none  |   p_read30   |    scalar    |
|p_read31      |  in |   32|   ap_none  |   p_read31   |    scalar    |
|p_read32      |  in |   32|   ap_none  |   p_read32   |    scalar    |
|p_read33      |  in |   32|   ap_none  |   p_read33   |    scalar    |
+--------------+-----+-----+------------+--------------+--------------+

