

================================================================
== Vivado HLS Report for 'stitchNeighbors'
================================================================
* Date:           Fri Jul 17 03:54:19 2020

* Version:        2019.1 (Build 2552052 on Fri May 24 15:28:33 MDT 2019)
* Project:        towerMerge
* Solution:       fullpipeline
* Product family: virtexuplus
* Target device:  xcvu9p-flgc2104-1-e


================================================================
== Performance Estimates
================================================================
+ Timing (ns): 
    * Summary: 
    +--------+-------+----------+------------+
    |  Clock | Target| Estimated| Uncertainty|
    +--------+-------+----------+------------+
    |ap_clk  |   4.17|     1.682|        1.25|
    +--------+-------+----------+------------+

+ Latency (clock cycles): 
    * Summary: 
    +-----+-----+-----+-----+----------+
    |  Latency  |  Interval | Pipeline |
    | min | max | min | max |   Type   |
    +-----+-----+-----+-----+----------+
    |    0|    0|    1|    1| function |
    +-----+-----+-----+-----+----------+

    + Detail: 
        * Instance: 
        N/A

        * Loop: 
        N/A



================================================================
== Utilization Estimates
================================================================
* Summary: 
+---------------------+---------+-------+---------+---------+-----+
|         Name        | BRAM_18K| DSP48E|    FF   |   LUT   | URAM|
+---------------------+---------+-------+---------+---------+-----+
|DSP                  |        -|      -|        -|        -|    -|
|Expression           |        -|      -|        0|      379|    -|
|FIFO                 |        -|      -|        -|        -|    -|
|Instance             |        -|      -|        -|        -|    -|
|Memory               |        -|      -|        -|        -|    -|
|Multiplexer          |        -|      -|        -|        -|    -|
|Register             |        -|      -|        -|        -|    -|
+---------------------+---------+-------+---------+---------+-----+
|Total                |        0|      0|        0|      379|    0|
+---------------------+---------+-------+---------+---------+-----+
|Available SLR        |     1440|   2280|   788160|   394080|  320|
+---------------------+---------+-------+---------+---------+-----+
|Utilization SLR (%)  |        0|      0|        0|    ~0   |    0|
+---------------------+---------+-------+---------+---------+-----+
|Available            |     4320|   6840|  2364480|  1182240|  960|
+---------------------+---------+-------+---------+---------+-----+
|Utilization (%)      |        0|      0|        0|    ~0   |    0|
+---------------------+---------+-------+---------+---------+-----+

+ Detail: 
    * Instance: 
    N/A

    * DSP48E: 
    N/A

    * Memory: 
    N/A

    * FIFO: 
    N/A

    * Expression: 
    +-----------------------------+----------+-------+---+----+------------+------------+
    |        Variable Name        | Operation| DSP48E| FF| LUT| Bitwidth P0| Bitwidth P1|
    +-----------------------------+----------+-------+---+----+------------+------------+
    |pegged_cEtSum_V_fu_160_p2    |     +    |      0|  0|  17|          10|          10|
    |pegged_tEtSum_V_2_fu_302_p2  |     +    |      0|  0|  17|          10|          10|
    |pegged_tEtSum_V_fu_208_p2    |     +    |      0|  0|  17|          10|          10|
    |ret_V_1_fu_194_p2            |     +    |      0|  0|  18|          11|          11|
    |ret_V_4_fu_288_p2            |     +    |      0|  0|  18|          11|          11|
    |ret_V_fu_146_p2              |     +    |      0|  0|  18|          11|          11|
    |tEt_leftOver_V_1_fu_316_p2   |     -    |      0|  0|  17|          10|          10|
    |tEt_leftOver_V_fu_232_p2     |     -    |      0|  0|  17|          10|          10|
    |and_ln879_1_fu_360_p2        |    and   |      0|  0|   2|           1|           1|
    |and_ln879_fu_354_p2          |    and   |      0|  0|   2|           1|           1|
    |and_ln895_1_fu_386_p2        |    and   |      0|  0|   2|           1|           1|
    |and_ln895_fu_366_p2          |    and   |      0|  0|   2|           1|           1|
    |icmp_ln879_1_fu_98_p2        |   icmp   |      0|  0|   9|           3|           1|
    |icmp_ln879_fu_82_p2          |   icmp   |      0|  0|   9|           3|           4|
    |icmp_ln895_fu_174_p2         |   icmp   |      0|  0|  13|          10|          10|
    |phiStitch_fu_124_p2          |   icmp   |      0|  0|   9|           3|           3|
    |ret_V_5_fu_334_p2            |    or    |      0|  0|  32|          32|          23|
    |pegged_cEtSum_V_1_fu_166_p3  |  select  |      0|  0|  10|           1|           2|
    |pegged_tEtSum_V_1_fu_214_p3  |  select  |      0|  0|  10|           1|           2|
    |pegged_tEtSum_V_3_fu_308_p3  |  select  |      0|  0|  10|           1|           2|
    |select_ln895_1_fu_392_p3     |  select  |      0|  0|  32|           1|          32|
    |select_ln895_2_fu_400_p3     |  select  |      0|  0|  32|           1|          32|
    |select_ln895_3_fu_408_p3     |  select  |      0|  0|  32|           1|          32|
    |select_ln895_fu_372_p3       |  select  |      0|  0|  32|           1|          32|
    |xor_ln895_fu_380_p2          |    xor   |      0|  0|   2|           1|           2|
    +-----------------------------+----------+-------+---+----+------------+------------+
    |Total                        |          |      0|  0| 379|         146|         264|
    +-----------------------------+----------+-------+---+----+------------+------------+

    * Multiplexer: 
    N/A

    * Register: 
    N/A



================================================================
== Interface
================================================================
* Summary: 
+-------------+-----+-----+------------+-----------------+--------------+
|  RTL Ports  | Dir | Bits|  Protocol  |  Source Object  |    C Type    |
+-------------+-----+-----+------------+-----------------+--------------+
|ap_ready     | out |    1| ap_ctrl_hs | stitchNeighbors | return value |
|ap_return_0  | out |   32| ap_ctrl_hs | stitchNeighbors | return value |
|ap_return_1  | out |   32| ap_ctrl_hs | stitchNeighbors | return value |
|Ai_data_V    |  in |   32|   ap_none  |    Ai_data_V    |    scalar    |
|Bi_data_V    |  in |   32|   ap_none  |    Bi_data_V    |    scalar    |
+-------------+-----+-----+------------+-----------------+--------------+

