

================================================================
== Vivado HLS Report for 'stitchInPhi'
================================================================
* Date:           Fri Jul 17 03:57:20 2020

* Version:        2019.1 (Build 2552052 on Fri May 24 15:28:33 MDT 2019)
* Project:        towerMerge
* Solution:       InitiationInterval6
* Product family: virtexuplus
* Target device:  xcvu9p-flgc2104-1-e


================================================================
== Performance Estimates
================================================================
+ Timing (ns): 
    * Summary: 
    +--------+-------+----------+------------+
    |  Clock | Target| Estimated| Uncertainty|
    +--------+-------+----------+------------+
    |ap_clk  |   4.17|     2.638|        1.25|
    +--------+-------+----------+------------+

+ Latency (clock cycles): 
    * Summary: 
    +-----+-----+-----+-----+----------+
    |  Latency  |  Interval | Pipeline |
    | min | max | min | max |   Type   |
    +-----+-----+-----+-----+----------+
    |    5|    5|    6|    6| function |
    +-----+-----+-----+-----+----------+

    + Detail: 
        * Instance: 
        +----------------------------+-----------------+-----+-----+-----+-----+----------+
        |                            |                 |  Latency  |  Interval | Pipeline |
        |          Instance          |      Module     | min | max | min | max |   Type   |
        +----------------------------+-----------------+-----+-----+-----+-----+----------+
        |grp_stitchNeighbors_fu_288  |stitchNeighbors  |    0|    0|    1|    1| function |
        |grp_stitchNeighbors_fu_296  |stitchNeighbors  |    0|    0|    1|    1| function |
        |grp_stitchNeighbors_fu_304  |stitchNeighbors  |    0|    0|    1|    1| function |
        +----------------------------+-----------------+-----+-----+-----+-----+----------+

        * Loop: 
        N/A



================================================================
== Utilization Estimates
================================================================
* Summary: 
+---------------------+---------+-------+---------+---------+-----+
|         Name        | BRAM_18K| DSP48E|    FF   |   LUT   | URAM|
+---------------------+---------+-------+---------+---------+-----+
|DSP                  |        -|      -|        -|        -|    -|
|Expression           |        -|      -|        -|        -|    -|
|FIFO                 |        -|      -|        -|        -|    -|
|Instance             |        -|      -|        0|     1137|    -|
|Memory               |        -|      -|        -|        -|    -|
|Multiplexer          |        -|      -|        -|      256|    -|
|Register             |        -|      -|     1862|        -|    -|
+---------------------+---------+-------+---------+---------+-----+
|Total                |        0|      0|     1862|     1393|    0|
+---------------------+---------+-------+---------+---------+-----+
|Available SLR        |     1440|   2280|   788160|   394080|  320|
+---------------------+---------+-------+---------+---------+-----+
|Utilization SLR (%)  |        0|      0|    ~0   |    ~0   |    0|
+---------------------+---------+-------+---------+---------+-----+
|Available            |     4320|   6840|  2364480|  1182240|  960|
+---------------------+---------+-------+---------+---------+-----+
|Utilization (%)      |        0|      0|    ~0   |    ~0   |    0|
+---------------------+---------+-------+---------+---------+-----+

+ Detail: 
    * Instance: 
    +----------------------------+-----------------+---------+-------+---+-----+-----+
    |          Instance          |      Module     | BRAM_18K| DSP48E| FF| LUT | URAM|
    +----------------------------+-----------------+---------+-------+---+-----+-----+
    |grp_stitchNeighbors_fu_288  |stitchNeighbors  |        0|      0|  0|  379|    0|
    |grp_stitchNeighbors_fu_296  |stitchNeighbors  |        0|      0|  0|  379|    0|
    |grp_stitchNeighbors_fu_304  |stitchNeighbors  |        0|      0|  0|  379|    0|
    +----------------------------+-----------------+---------+-------+---+-----+-----+
    |Total                       |                 |        0|      0|  0| 1137|    0|
    +----------------------------+-----------------+---------+-------+---+-----+-----+

    * DSP48E: 
    N/A

    * Memory: 
    N/A

    * FIFO: 
    N/A

    * Expression: 
    N/A

    * Multiplexer: 
    +--------------------------------------+----+-----------+-----+-----------+
    |                 Name                 | LUT| Input Size| Bits| Total Bits|
    +--------------------------------------+----+-----------+-----+-----------+
    |ap_NS_fsm                             |  38|          7|    1|          7|
    |grp_stitchNeighbors_fu_288_Ai_data_V  |  38|          7|   32|        224|
    |grp_stitchNeighbors_fu_288_Bi_data_V  |  38|          7|   32|        224|
    |grp_stitchNeighbors_fu_296_Ai_data_V  |  38|          7|   32|        224|
    |grp_stitchNeighbors_fu_296_Bi_data_V  |  38|          7|   32|        224|
    |grp_stitchNeighbors_fu_304_Ai_data_V  |  33|          6|   32|        192|
    |grp_stitchNeighbors_fu_304_Bi_data_V  |  33|          6|   32|        192|
    +--------------------------------------+----+-----------+-----+-----------+
    |Total                                 | 256|         47|  193|       1287|
    +--------------------------------------+----+-----------+-----+-----------+

    * Register: 
    +-----------------------------+----+----+-----+-----------+
    |             Name            | FF | LUT| Bits| Const Bits|
    +-----------------------------+----+----+-----+-----------+
    |ap_CS_fsm                    |   6|   0|    6|          0|
    |ap_port_reg_p_read10         |  32|   0|   32|          0|
    |ap_port_reg_p_read11         |  32|   0|   32|          0|
    |ap_port_reg_p_read12         |  32|   0|   32|          0|
    |ap_port_reg_p_read13         |  32|   0|   32|          0|
    |ap_port_reg_p_read14         |  32|   0|   32|          0|
    |ap_port_reg_p_read15         |  32|   0|   32|          0|
    |ap_port_reg_p_read16         |  32|   0|   32|          0|
    |ap_port_reg_p_read20         |  32|   0|   32|          0|
    |ap_port_reg_p_read21         |  32|   0|   32|          0|
    |ap_port_reg_p_read22         |  32|   0|   32|          0|
    |ap_port_reg_p_read23         |  32|   0|   32|          0|
    |ap_port_reg_p_read24         |  32|   0|   32|          0|
    |ap_port_reg_p_read25         |  32|   0|   32|          0|
    |ap_port_reg_p_read26         |  32|   0|   32|          0|
    |ap_port_reg_p_read27         |  32|   0|   32|          0|
    |ap_port_reg_p_read28         |  32|   0|   32|          0|
    |ap_port_reg_p_read29         |  32|   0|   32|          0|
    |ap_port_reg_p_read3          |  32|   0|   32|          0|
    |ap_port_reg_p_read30         |  32|   0|   32|          0|
    |ap_port_reg_p_read31         |  32|   0|   32|          0|
    |ap_port_reg_p_read32         |  32|   0|   32|          0|
    |ap_port_reg_p_read33         |  32|   0|   32|          0|
    |ap_port_reg_p_read4          |  32|   0|   32|          0|
    |ap_port_reg_p_read5          |  32|   0|   32|          0|
    |ap_port_reg_p_read6          |  32|   0|   32|          0|
    |ap_port_reg_p_read7          |  32|   0|   32|          0|
    |ap_port_reg_p_read8          |  32|   0|   32|          0|
    |ap_port_reg_p_read9          |  32|   0|   32|          0|
    |towersy_0_tower_0_s_reg_538  |  32|   0|   32|          0|
    |towersy_0_tower_10_reg_638   |  32|   0|   32|          0|
    |towersy_0_tower_11_reg_648   |  32|   0|   32|          0|
    |towersy_0_tower_12_reg_658   |  32|   0|   32|          0|
    |towersy_0_tower_13_reg_668   |  32|   0|   32|          0|
    |towersy_0_tower_14_reg_678   |  32|   0|   32|          0|
    |towersy_0_tower_1_s_reg_548  |  32|   0|   32|          0|
    |towersy_0_tower_2_s_reg_558  |  32|   0|   32|          0|
    |towersy_0_tower_3_s_reg_568  |  32|   0|   32|          0|
    |towersy_0_tower_4_s_reg_578  |  32|   0|   32|          0|
    |towersy_0_tower_5_s_reg_588  |  32|   0|   32|          0|
    |towersy_0_tower_6_s_reg_598  |  32|   0|   32|          0|
    |towersy_0_tower_7_s_reg_608  |  32|   0|   32|          0|
    |towersy_0_tower_8_s_reg_618  |  32|   0|   32|          0|
    |towersy_0_tower_9_s_reg_628  |  32|   0|   32|          0|
    |towersy_1_tower_0_s_reg_543  |  32|   0|   32|          0|
    |towersy_1_tower_10_reg_643   |  32|   0|   32|          0|
    |towersy_1_tower_11_reg_653   |  32|   0|   32|          0|
    |towersy_1_tower_12_reg_663   |  32|   0|   32|          0|
    |towersy_1_tower_13_reg_673   |  32|   0|   32|          0|
    |towersy_1_tower_14_reg_683   |  32|   0|   32|          0|
    |towersy_1_tower_1_s_reg_553  |  32|   0|   32|          0|
    |towersy_1_tower_2_s_reg_563  |  32|   0|   32|          0|
    |towersy_1_tower_3_s_reg_573  |  32|   0|   32|          0|
    |towersy_1_tower_4_s_reg_583  |  32|   0|   32|          0|
    |towersy_1_tower_5_s_reg_593  |  32|   0|   32|          0|
    |towersy_1_tower_6_s_reg_603  |  32|   0|   32|          0|
    |towersy_1_tower_7_s_reg_613  |  32|   0|   32|          0|
    |towersy_1_tower_8_s_reg_623  |  32|   0|   32|          0|
    |towersy_1_tower_9_s_reg_633  |  32|   0|   32|          0|
    +-----------------------------+----+----+-----+-----------+
    |Total                        |1862|   0| 1862|          0|
    +-----------------------------+----+----+-----+-----------+



================================================================
== Interface
================================================================
* Summary: 
+--------------+-----+-----+------------+--------------+--------------+
|   RTL Ports  | Dir | Bits|  Protocol  | Source Object|    C Type    |
+--------------+-----+-----+------------+--------------+--------------+
|ap_clk        |  in |    1| ap_ctrl_hs |  stitchInPhi | return value |
|ap_rst        |  in |    1| ap_ctrl_hs |  stitchInPhi | return value |
|ap_start      |  in |    1| ap_ctrl_hs |  stitchInPhi | return value |
|ap_done       | out |    1| ap_ctrl_hs |  stitchInPhi | return value |
|ap_idle       | out |    1| ap_ctrl_hs |  stitchInPhi | return value |
|ap_ready      | out |    1| ap_ctrl_hs |  stitchInPhi | return value |
|ap_return_0   | out |   32| ap_ctrl_hs |  stitchInPhi | return value |
|ap_return_1   | out |   32| ap_ctrl_hs |  stitchInPhi | return value |
|ap_return_2   | out |   32| ap_ctrl_hs |  stitchInPhi | return value |
|ap_return_3   | out |   32| ap_ctrl_hs |  stitchInPhi | return value |
|ap_return_4   | out |   32| ap_ctrl_hs |  stitchInPhi | return value |
|ap_return_5   | out |   32| ap_ctrl_hs |  stitchInPhi | return value |
|ap_return_6   | out |   32| ap_ctrl_hs |  stitchInPhi | return value |
|ap_return_7   | out |   32| ap_ctrl_hs |  stitchInPhi | return value |
|ap_return_8   | out |   32| ap_ctrl_hs |  stitchInPhi | return value |
|ap_return_9   | out |   32| ap_ctrl_hs |  stitchInPhi | return value |
|ap_return_10  | out |   32| ap_ctrl_hs |  stitchInPhi | return value |
|ap_return_11  | out |   32| ap_ctrl_hs |  stitchInPhi | return value |
|ap_return_12  | out |   32| ap_ctrl_hs |  stitchInPhi | return value |
|ap_return_13  | out |   32| ap_ctrl_hs |  stitchInPhi | return value |
|ap_return_14  | out |   32| ap_ctrl_hs |  stitchInPhi | return value |
|ap_return_15  | out |   32| ap_ctrl_hs |  stitchInPhi | return value |
|ap_return_16  | out |   32| ap_ctrl_hs |  stitchInPhi | return value |
|ap_return_17  | out |   32| ap_ctrl_hs |  stitchInPhi | return value |
|ap_return_18  | out |   32| ap_ctrl_hs |  stitchInPhi | return value |
|ap_return_19  | out |   32| ap_ctrl_hs |  stitchInPhi | return value |
|ap_return_20  | out |   32| ap_ctrl_hs |  stitchInPhi | return value |
|ap_return_21  | out |   32| ap_ctrl_hs |  stitchInPhi | return value |
|ap_return_22  | out |   32| ap_ctrl_hs |  stitchInPhi | return value |
|ap_return_23  | out |   32| ap_ctrl_hs |  stitchInPhi | return value |
|ap_return_24  | out |   32| ap_ctrl_hs |  stitchInPhi | return value |
|ap_return_25  | out |   32| ap_ctrl_hs |  stitchInPhi | return value |
|ap_return_26  | out |   32| ap_ctrl_hs |  stitchInPhi | return value |
|ap_return_27  | out |   32| ap_ctrl_hs |  stitchInPhi | return value |
|ap_return_28  | out |   32| ap_ctrl_hs |  stitchInPhi | return value |
|ap_return_29  | out |   32| ap_ctrl_hs |  stitchInPhi | return value |
|ap_return_30  | out |   32| ap_ctrl_hs |  stitchInPhi | return value |
|ap_return_31  | out |   32| ap_ctrl_hs |  stitchInPhi | return value |
|ap_return_32  | out |   32| ap_ctrl_hs |  stitchInPhi | return value |
|ap_return_33  | out |   32| ap_ctrl_hs |  stitchInPhi | return value |
|ap_ce         |  in |    1| ap_ctrl_hs |  stitchInPhi | return value |
|p_read        |  in |   32|   ap_none  |    p_read    |    scalar    |
|p_read1       |  in |   32|   ap_none  |    p_read1   |    scalar    |
|p_read2       |  in |   32|   ap_none  |    p_read2   |    scalar    |
|p_read3       |  in |   32|   ap_none  |    p_read3   |    scalar    |
|p_read4       |  in |   32|   ap_none  |    p_read4   |    scalar    |
|p_read5       |  in |   32|   ap_none  |    p_read5   |    scalar    |
|p_read6       |  in |   32|   ap_none  |    p_read6   |    scalar    |
|p_read7       |  in |   32|   ap_none  |    p_read7   |    scalar    |
|p_read8       |  in |   32|   ap_none  |    p_read8   |    scalar    |
|p_read9       |  in |   32|   ap_none  |    p_read9   |    scalar    |
|p_read10      |  in |   32|   ap_none  |   p_read10   |    scalar    |
|p_read11      |  in |   32|   ap_none  |   p_read11   |    scalar    |
|p_read12      |  in |   32|   ap_none  |   p_read12   |    scalar    |
|p_read13      |  in |   32|   ap_none  |   p_read13   |    scalar    |
|p_read14      |  in |   32|   ap_none  |   p_read14   |    scalar    |
|p_read15      |  in |   32|   ap_none  |   p_read15   |    scalar    |
|p_read16      |  in |   32|   ap_none  |   p_read16   |    scalar    |
|p_read17      |  in |   32|   ap_none  |   p_read17   |    scalar    |
|p_read18      |  in |   32|   ap_none  |   p_read18   |    scalar    |
|p_read19      |  in |   32|   ap_none  |   p_read19   |    scalar    |
|p_read20      |  in |   32|   ap_none  |   p_read20   |    scalar    |
|p_read21      |  in |   32|   ap_none  |   p_read21   |    scalar    |
|p_read22      |  in |   32|   ap_none  |   p_read22   |    scalar    |
|p_read23      |  in |   32|   ap_none  |   p_read23   |    scalar    |
|p_read24      |  in |   32|   ap_none  |   p_read24   |    scalar    |
|p_read25      |  in |   32|   ap_none  |   p_read25   |    scalar    |
|p_read26      |  in |   32|   ap_none  |   p_read26   |    scalar    |
|p_read27      |  in |   32|   ap_none  |   p_read27   |    scalar    |
|p_read28      |  in |   32|   ap_none  |   p_read28   |    scalar    |
|p_read29      |  in |   32|   ap_none  |   p_read29   |    scalar    |
|p_read30      |  in |   32|   ap_none  |   p_read30   |    scalar    |
|p_read31      |  in |   32|   ap_none  |   p_read31   |    scalar    |
|p_read32      |  in |   32|   ap_none  |   p_read32   |    scalar    |
|p_read33      |  in |   32|   ap_none  |   p_read33   |    scalar    |
+--------------+-----+-----+------------+--------------+--------------+

